[debug] [2025-12-24T18:59:28.289Z] ----------------------------------------------------------------------
[debug] [2025-12-24T18:59:28.292Z] Command:       /Users/yamaguchishohei/.nvm/versions/node/v20.19.1/bin/node /Users/yamaguchishohei/.nvm/versions/node/v20.19.1/bin/firebase deploy
[debug] [2025-12-24T18:59:28.292Z] CLI Version:   15.1.0
[debug] [2025-12-24T18:59:28.293Z] Platform:      darwin
[debug] [2025-12-24T18:59:28.293Z] Node Version:  v20.19.1
[debug] [2025-12-24T18:59:28.293Z] Time:          Thu Dec 25 2025 03:59:28 GMT+0900 (日本標準時)
[debug] [2025-12-24T18:59:28.293Z] ----------------------------------------------------------------------
[debug] 
[debug] [2025-12-24T18:59:29.007Z] > command requires scopes: ["email","openid","https://www.googleapis.com/auth/cloudplatformprojects.readonly","https://www.googleapis.com/auth/firebase","https://www.googleapis.com/auth/cloud-platform"]
[debug] [2025-12-24T18:59:29.007Z] > authorizing via signed-in user (yamaguchishohei93@gmail.com)
[debug] [2025-12-24T18:59:29.007Z] [iam] checking project task-list-2025 for permissions ["firebase.projects.get","firebasehosting.sites.update"]
[debug] [2025-12-24T18:59:29.008Z] Checked if tokens are valid: true, expires at: 1766603923540
[debug] [2025-12-24T18:59:29.008Z] Checked if tokens are valid: true, expires at: 1766603923540
[debug] [2025-12-24T18:59:29.008Z] >>> [apiv2][query] POST https://cloudresourcemanager.googleapis.com/v1/projects/task-list-2025:testIamPermissions [none]
[debug] [2025-12-24T18:59:29.008Z] >>> [apiv2][(partial)header] POST https://cloudresourcemanager.googleapis.com/v1/projects/task-list-2025:testIamPermissions x-goog-quota-user=projects/task-list-2025
[debug] [2025-12-24T18:59:29.008Z] >>> [apiv2][body] POST https://cloudresourcemanager.googleapis.com/v1/projects/task-list-2025:testIamPermissions {"permissions":["firebase.projects.get","firebasehosting.sites.update"]}
[debug] [2025-12-24T18:59:30.098Z] <<< [apiv2][status] POST https://cloudresourcemanager.googleapis.com/v1/projects/task-list-2025:testIamPermissions 200
[debug] [2025-12-24T18:59:30.099Z] <<< [apiv2][body] POST https://cloudresourcemanager.googleapis.com/v1/projects/task-list-2025:testIamPermissions {"permissions":["firebase.projects.get","firebasehosting.sites.update"]}
[debug] [2025-12-24T18:59:30.099Z] Checked if tokens are valid: true, expires at: 1766603923540
[debug] [2025-12-24T18:59:30.099Z] Checked if tokens are valid: true, expires at: 1766603923540
[debug] [2025-12-24T18:59:30.099Z] >>> [apiv2][query] GET https://firebase.googleapis.com/v1beta1/projects/task-list-2025 [none]
